
64. Printing statistics.

=== top ===

   Number of wires:                 56
   Number of wire bits:             56
   Number of public wires:          20
   Number of public wire bits:      20
   Number of memories:               0
   Number of memory bits:            0
   Number of processes:              0
   Number of cells:                 54
     sky130_fd_sc_hd__a211oi_2       1
     sky130_fd_sc_hd__a21o_2         2
     sky130_fd_sc_hd__a21oi_2        3
     sky130_fd_sc_hd__and2_2         2
     sky130_fd_sc_hd__and2b_2        2
     sky130_fd_sc_hd__and3_2         1
     sky130_fd_sc_hd__and3b_2        1
     sky130_fd_sc_hd__buf_1          7
     sky130_fd_sc_hd__dfxtp_2       17
     sky130_fd_sc_hd__inv_2          2
     sky130_fd_sc_hd__mux2_2         4
     sky130_fd_sc_hd__nand2_2        4
     sky130_fd_sc_hd__o211a_2        2
     sky130_fd_sc_hd__o21a_2         1
     sky130_fd_sc_hd__o221a_2        1
     sky130_fd_sc_hd__or2b_2         2
     sky130_fd_sc_hd__xnor2_2        1
     sky130_fd_sc_hd__xor2_2         1

   Chip area for module '\top': 661.884800

